Microchip MPLAB XC8 Compiler V1.45 ()

Linker command line:

-W-3 --edf=/Applications/microchip/xc8/v1.45/dat/en_msgs.txt -cs \
  -h+dist/C18_18F87K22/production/pic18_c_template_1.X.production.sym \
  --cmf=dist/C18_18F87K22/production/pic18_c_template_1.X.production.cmf -z \
  -Q18F2550 -o/tmp/xc40Bltjr \
  -Mdist/C18_18F87K22/production/pic18_c_template_1.X.production.map -E1 \
  -ver=XC8 --acfsm=1493 -ASTACK=014Ah-07ffh -pstack=STACK -ACODE=00h-07FFFh \
  -ACONST=00h-07FFFh -ASMALLCONST=0800h-08FFhx120 \
  -AMEDIUMCONST=0800h-07FFFh -ACOMRAM=01h-05Fh -AABS1=00h-07FFh \
  -ABIGRAM=01h-07FFh -ARAM=060h-0FFh,0100h-01FFhx7 -ABANK0=060h-0FFh \
  -ABANK1=0100h-01FFh -ABANK2=0200h-02FFh -ABANK3=0300h-03FFh \
  -ABANK4=0400h-04FFh -ABANK5=0500h-05FFh -ABANK6=0600h-06FFh \
  -ABANK7=0700h-07FFh -ASFR=0F60h-0FFFh \
  -preset_vec=00h,intcode=08h,intcodelo=018h,powerup,init -pramtop=0800h \
  -psmallconst=SMALLCONST -pmediumconst=MEDIUMCONST -pconst=CONST \
  -AFARRAM=00h-00h -ACONFIG=0300000h-030000Dh -pconfig=CONFIG \
  -AIDLOC=0200000h-0200007h -pidloc=IDLOC -AEEDATA=0F00000h-0F000FFh \
  -peeprom_data=EEDATA \
  -prdata=COMRAM,nvrram=COMRAM,nvbit=COMRAM,rbss=COMRAM,rbit=COMRAM \
  -pfarbss=FARRAM,fardata=FARRAM,nvFARRAM=FARRAM \
  -pintsave_regs=BIGRAM,bigbss=BIGRAM,bigdata=BIGRAM -pbss=RAM \
  -pidata=CODE,irdata=CODE,ibigdata=CODE,ifardata=CODE -prparam=COMRAM \
  /tmp/xcENbu0MG.obj \
  dist/C18_18F87K22/production/pic18_c_template_1.X.production.obj 

Object code version is 3.11

Machine type is 18F2550

Call graph: (short form)




                Name                               Link     Load   Length Selector   Space Scale
/tmp/xcENbu0MG.obj
                init                                 C6       C6        4        C       0
                reset_vec                             0        0        4        0       0
                idloc                            200000   200000        8   200000       0
                config                           300000   300000        E   300000       0
dist/C18_18F87K22/production/pic18_c_template_1.X.production.obj
                intcodelo                            18       18       AE        C       0
                intcode                               8        8        6        4       0
                temp                                 3F       3F        1        1       1
                smallconst                          800      800       10      400       0
                intcode_body                       2734     2734      158      408       0
                text21                             2E74     2E74       36      408       0
                text20                             2E3A     2E3A       3A      408       0
                text19                             2F02     2F02       12      408       0
                text18                             2BA6     2BA6       80      408       0
                text17                              E7E      E7E      588      408       0
                text16                             288C     288C      154      408       0
                text15                             1DC2     1DC2      41E      408       0
                text14                             25CA     25CA      16A      408       0
                text13                             1952     1952      470      408       0
                text12                             2DBA     2DBA       42      408       0
                text11                             2CA0     2CA0       74      408       0
                text10                             23E0     23E0      1EA      408       0
                text9                              2DFC     2DFC       3E      408       0
                text8                              2D14     2D14       54      408       0
                text7                               810      810      66E      408       0
                text6                              2ED6     2ED6       2C      408       0
                text5                              2EAA     2EAA       2C      408       0
                text4                              29E0     29E0      13C      408       0
                text3                              2B1C     2B1C       8A      408       0
                text2                              2C26     2C26       7A      408       0
                text1                              21E0     21E0      200      408       0
                text0                              1406     1406      54C      408       0
                cstackCOMRAM                          1        1       28        1       1
                cstackBANK0                          60       60       5E       60       1
                cstackBANK1                         128      128       22      100       1
                bssBANK1                            100      100       28      100       1
                dataBANK0                            DC       DC        6       60       1
                bssBANK0                             BE       BE       1E       60       1
                bssCOMRAM                            29       29       16        1       1
                cinit                              2D68     2D68       52      408       0
                idataBANK0                         2F14     2F14        6      408       0

TOTAL           Name                               Link     Load   Length     Space
        CLASS   STACK          

        CLASS   CODE           
                intcodelo                            18       18       AE         0
                intcode                               8        8        6         0
                init                                 C6       C6        4         0
                reset_vec                             0        0        4         0
                intcode_body                       2734     2734      158         0
                text21                             2E74     2E74       36         0
                text20                             2E3A     2E3A       3A         0
                text19                             2F02     2F02       12         0
                text18                             2BA6     2BA6       80         0
                text17                              E7E      E7E      588         0
                text16                             288C     288C      154         0
                text15                             1DC2     1DC2      41E         0
                text14                             25CA     25CA      16A         0
                text13                             1952     1952      470         0
                text12                             2DBA     2DBA       42         0
                text11                             2CA0     2CA0       74         0
                text10                             23E0     23E0      1EA         0
                text9                              2DFC     2DFC       3E         0
                text8                              2D14     2D14       54         0
                text7                               810      810      66E         0
                text6                              2ED6     2ED6       2C         0
                text5                              2EAA     2EAA       2C         0
                text4                              29E0     29E0      13C         0
                text3                              2B1C     2B1C       8A         0
                text2                              2C26     2C26       7A         0
                text1                              21E0     21E0      200         0
                text0                              1406     1406      54C         0
                cinit                              2D68     2D68       52         0
                idataBANK0                         2F14     2F14        6         0

        CLASS   CONST          

        CLASS   SMALLCONST     
                smallconst                          800      800       10         0

        CLASS   MEDIUMCONST    

        CLASS   COMRAM         
                temp                                 3F       3F        1         1
                cstackCOMRAM                          1        1       28         1
                bssCOMRAM                            29       29       16         1

        CLASS   ABS1           

        CLASS   BIGRAM         

        CLASS   RAM            

        CLASS   BANK0          
                cstackBANK0                          60       60       5E         1
                dataBANK0                            DC       DC        6         1
                bssBANK0                             BE       BE       1E         1

        CLASS   BANK1          
                cstackBANK1                         128      128       22         1
                bssBANK1                            100      100       28         1

        CLASS   BANK2          

        CLASS   BANK3          

        CLASS   BANK4          

        CLASS   BANK5          

        CLASS   BANK6          

        CLASS   BANK7          

        CLASS   SFR            

        CLASS   FARRAM         

        CLASS   CONFIG         
                config                           300000   300000        E         0

        CLASS   IDLOC          
                idloc                            200000   200000        8         0

        CLASS   EEDATA         



SEGMENTS        Name                           Load    Length   Top    Selector   Space  Class

                reset_vec                      000000  000004  000004         0       0  CODE    
                cstackCOMRAM                   000001  00003F  000040         1       1  COMRAM  
                intcode                        000008  000006  00000E         4       0  CODE    
                intcodelo                      000018  0000B2  0000CA         C       0  CODE    
                cstackBANK0                    000060  000082  0000E2        60       1  BANK0   
                bssBANK1                       000100  00004A  00014A       100       1  BANK1   
                smallconst                     000800  000010  000810       400       0  SMALLCON
                text7                          000810  00270A  002F1A       408       0  CODE    
                idloc                          200000  000008  200008    200000       0  IDLOC   
                config                         300000  00000E  30000E    300000       0  CONFIG  


UNUSED ADDRESS RANGES

        Name                Unused          Largest block    Delta
        BANK0            0000E2-0000FF               1E
        BANK1            00014A-0001FF               B6
        BANK2            000200-0002FF              100
        BANK3            000300-0003FF              100
        BANK4            000400-0004FF              100
        BANK5            000500-0005FF              100
        BANK6            000600-0006FF              100
        BANK7            000700-0007FF              100
        BIGRAM           000040-00005F               20
                         0000E2-0000FF               1E
                         00014A-0007FF              6B6
        CODE             000004-000007                4
                         00000E-000017                A
                         0000CA-0007FF              736
                         002F1A-007FFF             50E6
        COMRAM           000040-00005F               20
        CONST            000004-000007                4
                         00000E-000017                A
                         0000CA-0007FF              736
                         002F1A-007FFF             50E6
        EEDATA           F00000-F000FF              100
        MEDIUMCONST      002F1A-007FFF             50E6
        RAM              0000E2-0000FF               1E
                         00014A-0007FF              100
        SFR              000F60-000FFF               A0
        SMALLCONST       002F1A-007FFF              100
        STACK            00014A-0007FF              6B6

                                  Symbol Table

?___fladd                     cstackBANK0  000064
?___fldiv                     cstackBANK0  000091
?___flmul                     cstackBANK0  000078
?___flneg                     cstackBANK0  000060
?___fltol                     cstackBANK0  0000AA
?___lmul                      cstackBANK0  000060
?___lwdiv                     cstackBANK0  000060
?___lwmod                     cstackBANK0  000067
?___wmul                      cstackBANK0  000060
?___xxtofl                    cstackBANK0  000060
?_atof                        cstackBANK0  0000B6
?_atoi                        cstackBANK0  000066
?_sprintf                     cstackBANK0  00006C
?_strtod                      cstackBANK0  0000AA
BT_load_char@byte             cstackBANK0  000060
BT_load_string@string         cstackBANK0  000061
_ADCON1bits                   (abs)        000FC1
_BT_load_char                 text21       002E74
_BT_load_string               text20       002E3A
_Buffer                       bssCOMRAM    000029
_CCP2CONbits                  (abs)        000FBA
_CCPR2L                       (abs)        000FBB
_ConfigureOscillator          text19       002F02
_INTCON2bits                  (abs)        000FF1
_INTCON3bits                  (abs)        000FF0
_INTCONbits                   (abs)        000FF2
_IPR1bits                     (abs)        000F9F
_InitApp                      text18       002BA6
_LATA                         (abs)        000F89
_LATB                         (abs)        000F8A
_LATC                         (abs)        000F8B
_OSCCONbits                   (abs)        000FD3
_PIE1bits                     (abs)        000F9D
_PIR1bits                     (abs)        000F9E
_PORTA                        (abs)        000F80
_PORTB                        (abs)        000F81
_PORTC                        (abs)        000F82
_PR2                          (abs)        000FCB
_RCONbits                     (abs)        000FD0
_RCREG                        (abs)        000FAE
_RCSTA1bits                   (abs)        000FAB
_SPBRG                        (abs)        000FAF
_T0CONbits                    (abs)        000FD5
_T2CONbits                    (abs)        000FCA
_TMR2                         (abs)        000FCC
_TRISA                        (abs)        000F92
_TRISB                        (abs)        000F93
_TRISCbits                    (abs)        000F94
_TRMT                         (abs)        007D61
_TXIF                         (abs)        007CF4
_TXREG                        (abs)        000FAD
_TXSTAbits                    (abs)        000FAC
__CFG_BOR$OFF                 (abs)        000000
__CFG_BORV$3                  (abs)        000000
__CFG_CCP2MX$OFF              (abs)        000000
__CFG_CP0$OFF                 (abs)        000000
__CFG_CP1$OFF                 (abs)        000000
__CFG_CP2$OFF                 (abs)        000000
__CFG_CP3$OFF                 (abs)        000000
__CFG_CPB$OFF                 (abs)        000000
__CFG_CPD$OFF                 (abs)        000000
__CFG_CPUDIV$OSC1_PLL2        (abs)        000000
__CFG_EBTR0$OFF               (abs)        000000
__CFG_EBTR1$OFF               (abs)        000000
__CFG_EBTR2$OFF               (abs)        000000
__CFG_EBTR3$OFF               (abs)        000000
__CFG_EBTRB$OFF               (abs)        000000
__CFG_FCMEN$OFF               (abs)        000000
__CFG_FOSC$INTOSC_EC          (abs)        000000
__CFG_IESO$OFF                (abs)        000000
__CFG_LPT1OSC$OFF             (abs)        000000
__CFG_LVP$OFF                 (abs)        000000
__CFG_MCLRE$ON                (abs)        000000
__CFG_PBADEN$OFF              (abs)        000000
__CFG_PLLDIV$1                (abs)        000000
__CFG_PWRT$OFF                (abs)        000000
__CFG_STVREN$OFF              (abs)        000000
__CFG_USBDIV$1                (abs)        000000
__CFG_VREGEN$OFF              (abs)        000000
__CFG_WDT$OFF                 (abs)        000000
__CFG_WDTPS$32768             (abs)        000000
__CFG_WRT0$OFF                (abs)        000000
__CFG_WRT1$OFF                (abs)        000000
__CFG_WRT2$OFF                (abs)        000000
__CFG_WRT3$OFF                (abs)        000000
__CFG_WRTB$OFF                (abs)        000000
__CFG_WRTC$OFF                (abs)        000000
__CFG_WRTD$OFF                (abs)        000000
__CFG_XINST$OFF               (abs)        000000
__HRAM                        (abs)        000000
__Habs1                       abs1         000000
__Hbank0                      bank0        000000
__Hbank1                      bank1        000000
__Hbank2                      bank2        000000
__Hbank3                      bank3        000000
__Hbank4                      bank4        000000
__Hbank5                      bank5        000000
__Hbank6                      bank6        000000
__Hbank7                      bank7        000000
__Hbigbss                     bigbss       000000
__Hbigdata                    bigdata      000000
__Hbigram                     bigram       000000
__Hbss                        bss          000000
__HbssBANK0                   bssBANK0     000000
__HbssBANK1                   bssBANK1     000000
__HbssCOMRAM                  bssCOMRAM    000000
__Hcinit                      cinit        000000
__Hclrtext                    clrtext      000000
__Hcomram                     comram       000000
__Hconfig                     config       30000E
__Hconst                      const        000000
__HcstackBANK0                cstackBANK0  000000
__HcstackBANK1                cstackBANK1  000000
__HcstackCOMRAM               cstackCOMRAM 000000
__Hdata                       data         000000
__HdataBANK0                  dataBANK0    000000
__Heeprom_data                eeprom_data  000000
__Hfarbss                     farbss       000000
__Hfardata                    fardata      000000
__Hibigdata                   ibigdata     000000
__Hidata                      idata        000000
__HidataBANK0                 idataBANK0   000000
__Hidloc                      idloc        200008
__Hifardata                   ifardata     000000
__Hinit                       init         0000CA
__Hintcode                    intcode      00000E
__Hintcode_body               intcode_body 000000
__Hintcodelo                  intcodelo    0000C6
__Hintentry                   intentry     000000
__Hintret                     intret       000000
__Hintsave_regs               intsave_regs 000000
__Hirdata                     irdata       000000
__Hmediumconst                mediumconst  000000
__HnvFARRAM                   nvFARRAM     000000
__Hnvbit                      nvbit        000000
__Hnvrram                     nvrram       000000
__Hparam                      rparam       000000
__Hpowerup                    powerup      0000C6
__Hram                        ram          000000
__Hramtop                     ramtop       000800
__Hrbit                       rbit         000000
__Hrbss                       rbss         000000
__Hrdata                      rdata        000000
__Hreset_vec                  reset_vec    000004
__Hrparam                     rparam       000000
__Hsfr                        sfr          000000
__Hsmallconst                 smallconst   000810
__Hspace_0                    (abs)        30000E
__Hspace_1                    (abs)        00014A
__Hspace_2                    (abs)        000000
__Hstack                      stack        000000
__Hstruct                     struct       000000
__Htemp                       temp         000040
__Htext                       text         000000
__Htext0                      text0        000000
__Htext1                      text1        000000
__Htext10                     text10       000000
__Htext11                     text11       000000
__Htext12                     text12       000000
__Htext13                     text13       000000
__Htext14                     text14       000000
__Htext15                     text15       000000
__Htext16                     text16       000000
__Htext17                     text17       000000
__Htext18                     text18       000000
__Htext19                     text19       000000
__Htext2                      text2        000000
__Htext20                     text20       000000
__Htext21                     text21       000000
__Htext3                      text3        000000
__Htext4                      text4        000000
__Htext5                      text5        000000
__Htext6                      text6        000000
__Htext7                      text7        000000
__Htext8                      text8        000000
__Htext9                      text9        000000
__LRAM                        (abs)        000001
__Labs1                       abs1         000000
__Lbank0                      bank0        000000
__Lbank1                      bank1        000000
__Lbank2                      bank2        000000
__Lbank3                      bank3        000000
__Lbank4                      bank4        000000
__Lbank5                      bank5        000000
__Lbank6                      bank6        000000
__Lbank7                      bank7        000000
__Lbigbss                     bigbss       000000
__Lbigdata                    bigdata      000000
__Lbigram                     bigram       000000
__Lbss                        bss          000000
__LbssBANK0                   bssBANK0     000000
__LbssBANK1                   bssBANK1     000000
__LbssCOMRAM                  bssCOMRAM    000000
__Lcinit                      cinit        000000
__Lclrtext                    clrtext      000000
__Lcomram                     comram       000000
__Lconfig                     config       300000
__Lconst                      const        000000
__LcstackBANK0                cstackBANK0  000000
__LcstackBANK1                cstackBANK1  000000
__LcstackCOMRAM               cstackCOMRAM 000000
__Ldata                       data         000000
__LdataBANK0                  dataBANK0    000000
__Leeprom_data                eeprom_data  000000
__Lfarbss                     farbss       000000
__Lfardata                    fardata      000000
__Libigdata                   ibigdata     000000
__Lidata                      idata        000000
__LidataBANK0                 idataBANK0   000000
__Lidloc                      idloc        200000
__Lifardata                   ifardata     000000
__Linit                       init         0000C6
__Lintcode                    intcode      000008
__Lintcode_body               intcode_body 000000
__Lintcodelo                  intcodelo    000018
__Lintentry                   intentry     000000
__Lintret                     intret       000000
__Lintsave_regs               intsave_regs 000000
__Lirdata                     irdata       000000
__Lmediumconst                mediumconst  000000
__LnvFARRAM                   nvFARRAM     000000
__Lnvbit                      nvbit        000000
__Lnvrram                     nvrram       000000
__Lparam                      rparam       000000
__Lpowerup                    powerup      0000C6
__Lram                        ram          000000
__Lramtop                     ramtop       000800
__Lrbit                       rbit         000000
__Lrbss                       rbss         000000
__Lrdata                      rdata        000000
__Lreset_vec                  reset_vec    000000
__Lrparam                     rparam       000000
__Lsfr                        sfr          000000
__Lsmallconst                 smallconst   000800
__Lspace_0                    (abs)        000000
__Lspace_1                    (abs)        000000
__Lspace_2                    (abs)        000000
__Lstack                      stack        000000
__Lstruct                     struct       000000
__Ltemp                       temp         00003F
__Ltext                       text         000000
__Ltext0                      text0        000000
__Ltext1                      text1        000000
__Ltext10                     text10       000000
__Ltext11                     text11       000000
__Ltext12                     text12       000000
__Ltext13                     text13       000000
__Ltext14                     text14       000000
__Ltext15                     text15       000000
__Ltext16                     text16       000000
__Ltext17                     text17       000000
__Ltext18                     text18       000000
__Ltext19                     text19       000000
__Ltext2                      text2        000000
__Ltext20                     text20       000000
__Ltext21                     text21       000000
__Ltext3                      text3        000000
__Ltext4                      text4        000000
__Ltext5                      text5        000000
__Ltext6                      text6        000000
__Ltext7                      text7        000000
__Ltext8                      text8        000000
__Ltext9                      text9        000000
__S0                          (abs)        30000E
__S1                          (abs)        00014A
__S2                          (abs)        000000
___fladd                      text17       000E7E
___fladd@a                    cstackBANK0  000068
___fladd@aexp                 cstackBANK0  000075
___fladd@b                    cstackBANK0  000064
___fladd@bexp                 cstackBANK0  000076
___fladd@grs                  cstackBANK0  000077
___fladd@signs                cstackBANK0  000074
___fldiv                      text15       001DC2
___fldiv@a                    cstackBANK0  000095
___fldiv@aexp                 cstackBANK0  0000A9
___fldiv@b                    cstackBANK0  000091
___fldiv@bexp                 cstackBANK0  0000A8
___fldiv@grs                  cstackBANK0  0000A4
___fldiv@new_exp              cstackBANK0  0000A2
___fldiv@rem                  cstackBANK0  00009E
___fldiv@sign                 cstackBANK0  00009D
___flge                       text14       0025CA
___flge@ff1                   cstackBANK0  000060
___flge@ff2                   cstackBANK0  000064
___flmul                      text13       001952
___flmul@a                    cstackBANK0  00007C
___flmul@aexp                 cstackBANK0  000085
___flmul@b                    cstackBANK0  000078
___flmul@bexp                 cstackBANK0  00008A
___flmul@grs                  cstackBANK0  000086
___flmul@prod                 cstackBANK0  00008B
___flmul@sign                 cstackBANK0  000084
___flmul@temp                 cstackBANK0  00008F
___flneg                      text12       002DBA
___flneg@f1                   cstackBANK0  000060
___fltol                      text16       00288C
___fltol@exp1                 cstackBANK0  0000B3
___fltol@f1                   cstackBANK0  0000AA
___fltol@sign1                cstackBANK0  0000B2
___inthi_sp                   stack        000000
___intlo_sp                   stack        000000
___lmul                       text11       002CA0
___lmul@multiplicand          cstackBANK0  000064
___lmul@multiplier            cstackBANK0  000060
___lmul@product               cstackBANK0  000068
___lwdiv                      text3        002B1C
___lwdiv@counter              cstackBANK0  000064
___lwdiv@dividend             cstackBANK0  000060
___lwdiv@divisor              cstackBANK0  000062
___lwdiv@quotient             cstackBANK0  000065
___lwmod                      text2        002C26
___lwmod@counter              cstackBANK0  00006B
___lwmod@dividend             cstackBANK0  000067
___lwmod@divisor              cstackBANK0  000069
___param_bank                 (abs)        000000
___rparam_used                (abs)        000001
___sp                         stack        000000
___wmul                       text5        002EAA
___wmul@multiplicand          cstackBANK0  000062
___wmul@multiplier            cstackBANK0  000060
___wmul@product               cstackBANK0  000064
___xxtofl                     text10       0023E0
___xxtofl@arg                 cstackBANK0  00006A
___xxtofl@exp                 cstackBANK0  000069
___xxtofl@sign                cstackBANK0  000068
___xxtofl@val                 cstackBANK0  000060
__accesstop                   (abs)        000060
__activetblptr                (abs)        000002
__end_of_BT_load_char         text21       002EAA
__end_of_BT_load_string       text20       002E74
__end_of_ConfigureOscillator  text19       002F14
__end_of_InitApp              text18       002C26
__end_of___fladd              text17       001406
__end_of___fldiv              text15       0021E0
__end_of___flge               text14       002734
__end_of___flmul              text13       001DC2
__end_of___flneg              text12       002DFC
__end_of___fltol              text16       0029E0
__end_of___lmul               text11       002D14
__end_of___lwdiv              text3        002BA6
__end_of___lwmod              text2        002CA0
__end_of___wmul               text5        002ED6
__end_of___xxtofl             text10       0025CA
__end_of__initialization      cinit        002DAC
__end_of_atof                 text6        002F02
__end_of_atoi                 text4        002B1C
__end_of_dpowers              smallconst   00080B
__end_of_high_isr             intcode_body 00288C
__end_of_isdigit              text9        002E3A
__end_of_isspace              text8        002D68
__end_of_low_isr              intcodelo    0000C6
__end_of_main                 text0        001952
__end_of_sprintf              text1        0023E0
__end_of_strtod               text7        000E7E
__initialization              cinit        002D68
__mediumconst                 mediumconst  000000
__pbssBANK0                   bssBANK0     0000BE
__pbssBANK1                   bssBANK1     000100
__pbssCOMRAM                  bssCOMRAM    000029
__pcinit                      cinit        002D68
__pcstackBANK0                cstackBANK0  000060
__pcstackBANK1                cstackBANK1  000128
__pcstackCOMRAM               cstackCOMRAM 000001
__pdataBANK0                  dataBANK0    0000DC
__pidataBANK0                 idataBANK0   002F14
__pintcode                    intcode      000008
__pintcode_body               intcode_body 002734
__pintcodelo                  intcodelo    000018
__psmallconst                 smallconst   000800
__ptext0                      text0        001406
__ptext1                      text1        0021E0
__ptext10                     text10       0023E0
__ptext11                     text11       002CA0
__ptext12                     text12       002DBA
__ptext13                     text13       001952
__ptext14                     text14       0025CA
__ptext15                     text15       001DC2
__ptext16                     text16       00288C
__ptext17                     text17       000E7E
__ptext18                     text18       002BA6
__ptext19                     text19       002F02
__ptext2                      text2        002C26
__ptext20                     text20       002E3A
__ptext21                     text21       002E74
__ptext3                      text3        002B1C
__ptext4                      text4        0029E0
__ptext5                      text5        002EAA
__ptext6                      text6        002ED6
__ptext7                      text7        000810
__ptext8                      text8        002D14
__ptext9                      text9        002DFC
__ramtop                      ramtop       000800
__size_of_BT_load_char        (abs)        000000
__size_of_BT_load_string      (abs)        000000
__size_of_ConfigureOscillator (abs)        000000
__size_of_InitApp             (abs)        000000
__size_of___fladd             (abs)        000000
__size_of___fldiv             (abs)        000000
__size_of___flge              (abs)        000000
__size_of___flmul             (abs)        000000
__size_of___flneg             (abs)        000000
__size_of___fltol             (abs)        000000
__size_of___lmul              (abs)        000000
__size_of___lwdiv             (abs)        000000
__size_of___lwmod             (abs)        000000
__size_of___wmul              (abs)        000000
__size_of___xxtofl            (abs)        000000
__size_of_atof                (abs)        000000
__size_of_atoi                (abs)        000000
__size_of_high_isr            (abs)        000000
__size_of_isdigit             (abs)        000000
__size_of_isspace             (abs)        000000
__size_of_low_isr             (abs)        000000
__size_of_main                (abs)        000000
__size_of_sprintf             (abs)        000000
__size_of_strtod              (abs)        000000
__smallconst                  smallconst   000800
_atof                         text6        002ED6
_atoi                         text4        0029E0
_count                        bssBANK0     0000D6
_count2                       bssBANK0     0000DA
_currentSpeed                 bssBANK0     0000D0
_dpowers                      smallconst   000801
_errora                       bssBANK0     0000C2
_errorv                       bssBANK0     0000BE
_high_isr                     intcode      000008
_i                            bssCOMRAM    00003D
_isdigit                      text9        002DFC
_isdigit$1122                 cstackBANK0  000061
_isspace                      text8        002D14
_isspace$1125                 cstackBANK0  000061
_kd                           bssBANK0     0000C6
_ki                           bssBANK0     0000CA
_kp                           dataBANK0    0000DC
_limit                        bssBANK0     0000D4
_low_isr                      intcodelo    000018
_main                         text0        001406
_main$1456                    cstackBANK1  00013C
_main$1457                    cstackBANK1  000140
_main$1458                    cstackBANK1  000144
_plus                         bssBANK0     0000CE
_read                         bssBANK0     0000D2
_refSpeed                     dataBANK0    0000E0
_send                         bssBANK1     000114
_sprintf                      text1        0021E0
_strtod                       text7        000810
_timer                        bssBANK0     0000D8
atof@s                        cstackBANK0  0000B6
atoi@a                        cstackBANK0  00006B
atoi@s                        cstackBANK0  000066
atoi@sign                     cstackBANK0  00006A
btemp                         temp         00003F
end_of_initialization         cinit        002DAC
int$flags                     temp         00003F
int_func                      intcode_body 002734
intlevel0                     text         000000
intlevel1                     text         000000
intlevel2                     text         000000
intlevel3                     text         000000
isdigit@c                     cstackBANK0  000062
isspace@c                     cstackBANK0  000062
main@F3644                    bssBANK1     000100
main@du                       cstackBANK1  000128
main@j                        cstackBANK1  000148
sprintf@ap                    cstackBANK0  000073
sprintf@c                     cstackBANK0  000079
sprintf@f                     cstackBANK0  00006E
sprintf@flag                  cstackBANK0  000075
sprintf@prec                  cstackBANK0  000076
sprintf@sp                    cstackBANK0  00006C
sprintf@val                   cstackBANK0  000077
stackhi                       (abs)        0007FF
stacklo                       (abs)        00014A
start                         init         0000C6
start_initialization          cinit        002D68
strtod@_u                     cstackBANK0  0000B2
strtod@eexp                   cstackBANK0  0000AF
strtod@expon                  cstackBANK0  0000B1
strtod@flags                  cstackBANK0  0000B0
strtod@res                    cstackBANK0  0000AC
strtod@s                      cstackBANK0  0000AA
wtemp6                        temp         000040


FUNCTION INFORMATION:

 *************** function _main *****************
 Defined at:
		line 48 in file "main.c"
 Parameters:    Size  Location     Type
		None
 Auto vars:     Size  Location     Type
  du             20    0[BANK1 ] unsigned char [20]
  j               2   32[BANK1 ] int 
 Return value:  Size  Location     Type
                  1    wreg      void 
 Registers used:
		wreg, fsr1l, fsr1h, fsr2l, fsr2h, status,2, status,0, tblptrl, tblptrh, tblptru, prodl, prodh, cstack
 Tracked objects:
		On entry : 
		On exit  : 
		Unchanged: 
 Data sizes:     COMRAM   BANK0   BANK1   BANK2   BANK3   BANK4   BANK5   BANK6   BANK7
      Params:         0       0       0       0       0       0       0       0       0
      Locals:         0       0      34       0       0       0       0       0       0
      Temps:          0       4       0       0       0       0       0       0       0
      Totals:         0       4      34       0       0       0       0       0       0
Total ram usage:       38 bytes
 Hardware stack levels required when called:    5
 This function calls:
		_BT_load_string
		_ConfigureOscillator
		_InitApp
		___fladd
		___fldiv
		___flmul
		___flneg
		___fltol
		___xxtofl
		_atof
		_atoi
		_sprintf
 This function is called by:
		Startup code after reset
 This function uses a non-reentrant model


 *************** function _sprintf *****************
 Defined at:
		line 492 in file "/Applications/microchip/xc8/v1.45/sources/common/doprnt.c"
 Parameters:    Size  Location     Type
  sp              2   12[BANK0 ] PTR unsigned char 
		 -> send(20), 
  f               2   14[BANK0 ] PTR const unsigned char 
		 -> STR_1(4), 
 Auto vars:     Size  Location     Type
  tmpval          4    0        struct .
  cp              3    0        PTR const unsigned char 
  val             2   23[BANK0 ] unsigned int 
  ap              2   19[BANK0 ] PTR void [1]
		 -> ?_sprintf(2), 
  len             2    0        unsigned int 
  c               1   25[BANK0 ] char 
  prec            1   22[BANK0 ] char 
  flag            1   21[BANK0 ] unsigned char 
 Return value:  Size  Location     Type
                  2   12[BANK0 ] int 
 Registers used:
		wreg, fsr2l, fsr2h, status,2, status,0, tblptrl, tblptrh, tblptru, prodl, prodh, cstack
 Tracked objects:
		On entry : 
		On exit  : 
		Unchanged: 
 Data sizes:     COMRAM   BANK0   BANK1   BANK2   BANK3   BANK4   BANK5   BANK6   BANK7
      Params:         0       6       0       0       0       0       0       0       0
      Locals:         0       7       0       0       0       0       0       0       0
      Temps:          0       1       0       0       0       0       0       0       0
      Totals:         0      14       0       0       0       0       0       0       0
Total ram usage:       14 bytes
 Hardware stack levels used:    1
 Hardware stack levels required when called:    3
 This function calls:
		___lwdiv
		___lwmod
 This function is called by:
		_main
 This function uses a non-reentrant model


 *************** function ___lwmod *****************
 Defined at:
		line 8 in file "/Applications/microchip/xc8/v1.45/sources/common/lwmod.c"
 Parameters:    Size  Location     Type
  dividend        2    7[BANK0 ] unsigned int 
  divisor         2    9[BANK0 ] unsigned int 
 Auto vars:     Size  Location     Type
  counter         1   11[BANK0 ] unsigned char 
 Return value:  Size  Location     Type
                  2    7[BANK0 ] unsigned int 
 Registers used:
		wreg, status,2, status,0
 Tracked objects:
		On entry : 
		On exit  : 
		Unchanged: 
 Data sizes:     COMRAM   BANK0   BANK1   BANK2   BANK3   BANK4   BANK5   BANK6   BANK7
      Params:         0       4       0       0       0       0       0       0       0
      Locals:         0       1       0       0       0       0       0       0       0
      Temps:          0       0       0       0       0       0       0       0       0
      Totals:         0       5       0       0       0       0       0       0       0
Total ram usage:        5 bytes
 Hardware stack levels used:    1
 Hardware stack levels required when called:    2
 This function calls:
		Nothing
 This function is called by:
		_sprintf
 This function uses a non-reentrant model


 *************** function ___lwdiv *****************
 Defined at:
		line 8 in file "/Applications/microchip/xc8/v1.45/sources/common/lwdiv.c"
 Parameters:    Size  Location     Type
  dividend        2    0[BANK0 ] unsigned int 
  divisor         2    2[BANK0 ] unsigned int 
 Auto vars:     Size  Location     Type
  quotient        2    5[BANK0 ] unsigned int 
  counter         1    4[BANK0 ] unsigned char 
 Return value:  Size  Location     Type
                  2    0[BANK0 ] unsigned int 
 Registers used:
		wreg, status,2, status,0
 Tracked objects:
		On entry : 
		On exit  : 
		Unchanged: 
 Data sizes:     COMRAM   BANK0   BANK1   BANK2   BANK3   BANK4   BANK5   BANK6   BANK7
      Params:         0       4       0       0       0       0       0       0       0
      Locals:         0       3       0       0       0       0       0       0       0
      Temps:          0       0       0       0       0       0       0       0       0
      Totals:         0       7       0       0       0       0       0       0       0
Total ram usage:        7 bytes
 Hardware stack levels used:    1
 Hardware stack levels required when called:    2
 This function calls:
		Nothing
 This function is called by:
		_sprintf
 This function uses a non-reentrant model


 *************** function _atoi *****************
 Defined at:
		line 5 in file "/Applications/microchip/xc8/v1.45/sources/common/atoi.c"
 Parameters:    Size  Location     Type
  s               2    6[BANK0 ] PTR const unsigned char 
		 -> main@du(20), 
 Auto vars:     Size  Location     Type
  a               2   11[BANK0 ] int 
  sign            1   10[BANK0 ] unsigned char 
 Return value:  Size  Location     Type
                  2    6[BANK0 ] int 
 Registers used:
		wreg, fsr2l, fsr2h, status,2, status,0, prodl, prodh, cstack
 Tracked objects:
		On entry : 
		On exit  : 
		Unchanged: 
 Data sizes:     COMRAM   BANK0   BANK1   BANK2   BANK3   BANK4   BANK5   BANK6   BANK7
      Params:         0       2       0       0       0       0       0       0       0
      Locals:         0       3       0       0       0       0       0       0       0
      Temps:          0       2       0       0       0       0       0       0       0
      Totals:         0       7       0       0       0       0       0       0       0
Total ram usage:        7 bytes
 Hardware stack levels used:    1
 Hardware stack levels required when called:    3
 This function calls:
		___wmul
		_isdigit
 This function is called by:
		_main
 This function uses a non-reentrant model


 *************** function ___wmul *****************
 Defined at:
		line 15 in file "/Applications/microchip/xc8/v1.45/sources/common/Umul16.c"
 Parameters:    Size  Location     Type
  multiplier      2    0[BANK0 ] unsigned int 
  multiplicand    2    2[BANK0 ] unsigned int 
 Auto vars:     Size  Location     Type
  product         2    4[BANK0 ] unsigned int 
 Return value:  Size  Location     Type
                  2    0[BANK0 ] unsigned int 
 Registers used:
		wreg, status,2, status,0, prodl, prodh
 Tracked objects:
		On entry : 
		On exit  : 
		Unchanged: 
 Data sizes:     COMRAM   BANK0   BANK1   BANK2   BANK3   BANK4   BANK5   BANK6   BANK7
      Params:         0       4       0       0       0       0       0       0       0
      Locals:         0       2       0       0       0       0       0       0       0
      Temps:          0       0       0       0       0       0       0       0       0
      Totals:         0       6       0       0       0       0       0       0       0
Total ram usage:        6 bytes
 Hardware stack levels used:    1
 Hardware stack levels required when called:    2
 This function calls:
		Nothing
 This function is called by:
		_atoi
 This function uses a non-reentrant model


 *************** function _atof *****************
 Defined at:
		line 200 in file "/Applications/microchip/xc8/v1.45/sources/common/atof.c"
 Parameters:    Size  Location     Type
  s               2   86[BANK0 ] PTR const unsigned char 
		 -> main@du(20), 
 Auto vars:     Size  Location     Type
		None
 Return value:  Size  Location     Type
                  4   86[BANK0 ] PTR const unsigned char 
 Registers used:
		wreg, fsr2l, fsr2h, status,2, status,0, prodl, prodh, cstack
 Tracked objects:
		On entry : 
		On exit  : 
		Unchanged: 
 Data sizes:     COMRAM   BANK0   BANK1   BANK2   BANK3   BANK4   BANK5   BANK6   BANK7
      Params:         0       4       0       0       0       0       0       0       0
      Locals:         0       0       0       0       0       0       0       0       0
      Temps:          0       0       0       0       0       0       0       0       0
      Totals:         0       4       0       0       0       0       0       0       0
Total ram usage:        4 bytes
 Hardware stack levels used:    1
 Hardware stack levels required when called:    4
 This function calls:
		_strtod
 This function is called by:
		_main
 This function uses a non-reentrant model


 *************** function _strtod *****************
 Defined at:
		line 35 in file "/Applications/microchip/xc8/v1.45/sources/common/atof.c"
 Parameters:    Size  Location     Type
  s               2   74[BANK0 ] PTR const unsigned char 
		 -> main@du(20), 
  res             2   76[BANK0 ] PTR PTR const unsigned c
		 -> NULL(0), 
 Auto vars:     Size  Location     Type
  _u              4   82[BANK0 ] struct .
  expon           1   81[BANK0 ] char 
  flags           1   80[BANK0 ] unsigned char 
  eexp            1   79[BANK0 ] char 
 Return value:  Size  Location     Type
                  4   74[BANK0 ] char 
 Registers used:
		wreg, fsr2l, fsr2h, status,2, status,0, prodl, prodh, cstack
 Tracked objects:
		On entry : 
		On exit  : 
		Unchanged: 
 Data sizes:     COMRAM   BANK0   BANK1   BANK2   BANK3   BANK4   BANK5   BANK6   BANK7
      Params:         0       4       0       0       0       0       0       0       0
      Locals:         0       7       0       0       0       0       0       0       0
      Temps:          0       1       0       0       0       0       0       0       0
      Totals:         0      12       0       0       0       0       0       0       0
Total ram usage:       12 bytes
 Hardware stack levels used:    1
 Hardware stack levels required when called:    3
 This function calls:
		___fldiv
		___flge
		___flmul
		___flneg
		___lmul
		___xxtofl
		_isdigit
		_isspace
 This function is called by:
		_atof
 This function uses a non-reentrant model


 *************** function _isspace *****************
 Defined at:
		line 8 in file "/Applications/microchip/xc8/v1.45/sources/common/isspace.c"
 Parameters:    Size  Location     Type
  c               1    wreg     unsigned char 
 Auto vars:     Size  Location     Type
  c               1    2[BANK0 ] unsigned char 
 Return value:  Size  Location     Type
		None               void
 Registers used:
		wreg, status,2, status,0
 Tracked objects:
		On entry : 
		On exit  : 
		Unchanged: 
 Data sizes:     COMRAM   BANK0   BANK1   BANK2   BANK3   BANK4   BANK5   BANK6   BANK7
      Params:         0       0       0       0       0       0       0       0       0
      Locals:         0       2       0       0       0       0       0       0       0
      Temps:          0       1       0       0       0       0       0       0       0
      Totals:         0       3       0       0       0       0       0       0       0
Total ram usage:        3 bytes
 Hardware stack levels used:    1
 Hardware stack levels required when called:    2
 This function calls:
		Nothing
 This function is called by:
		_strtod
 This function uses a non-reentrant model


 *************** function _isdigit *****************
 Defined at:
		line 8 in file "/Applications/microchip/xc8/v1.45/sources/common/isdigit.c"
 Parameters:    Size  Location     Type
  c               1    wreg     unsigned char 
 Auto vars:     Size  Location     Type
  c               1    2[BANK0 ] unsigned char 
 Return value:  Size  Location     Type
		None               void
 Registers used:
		wreg, status,2, status,0
 Tracked objects:
		On entry : 
		On exit  : 
		Unchanged: 
 Data sizes:     COMRAM   BANK0   BANK1   BANK2   BANK3   BANK4   BANK5   BANK6   BANK7
      Params:         0       0       0       0       0       0       0       0       0
      Locals:         0       2       0       0       0       0       0       0       0
      Temps:          0       1       0       0       0       0       0       0       0
      Totals:         0       3       0       0       0       0       0       0       0
Total ram usage:        3 bytes
 Hardware stack levels used:    1
 Hardware stack levels required when called:    2
 This function calls:
		Nothing
 This function is called by:
		_strtod
		_atoi
 This function uses a non-reentrant model


 *************** function ___xxtofl *****************
 Defined at:
		line 10 in file "/Applications/microchip/xc8/v1.45/sources/common/xxtofl.c"
 Parameters:    Size  Location     Type
  sign            1    wreg     unsigned char 
  val             4    0[BANK0 ] long 
 Auto vars:     Size  Location     Type
  sign            1    8[BANK0 ] unsigned char 
  arg             4   10[BANK0 ] unsigned long 
  exp             1    9[BANK0 ] unsigned char 
 Return value:  Size  Location     Type
                  4    0[BANK0 ] unsigned char 
 Registers used:
		wreg, status,2, status,0
 Tracked objects:
		On entry : 
		On exit  : 
		Unchanged: 
 Data sizes:     COMRAM   BANK0   BANK1   BANK2   BANK3   BANK4   BANK5   BANK6   BANK7
      Params:         0       4       0       0       0       0       0       0       0
      Locals:         0       6       0       0       0       0       0       0       0
      Temps:          0       4       0       0       0       0       0       0       0
      Totals:         0      14       0       0       0       0       0       0       0
Total ram usage:       14 bytes
 Hardware stack levels used:    1
 Hardware stack levels required when called:    2
 This function calls:
		Nothing
 This function is called by:
		_main
		_strtod
 This function uses a non-reentrant model


 *************** function ___lmul *****************
 Defined at:
		line 15 in file "/Applications/microchip/xc8/v1.45/sources/common/Umul32.c"
 Parameters:    Size  Location     Type
  multiplier      4    0[BANK0 ] unsigned long 
  multiplicand    4    4[BANK0 ] unsigned long 
 Auto vars:     Size  Location     Type
  product         4    8[BANK0 ] unsigned long 
 Return value:  Size  Location     Type
                  4    0[BANK0 ] unsigned long 
 Registers used:
		wreg, status,2, status,0
 Tracked objects:
		On entry : 
		On exit  : 
		Unchanged: 
 Data sizes:     COMRAM   BANK0   BANK1   BANK2   BANK3   BANK4   BANK5   BANK6   BANK7
      Params:         0       8       0       0       0       0       0       0       0
      Locals:         0       4       0       0       0       0       0       0       0
      Temps:          0       0       0       0       0       0       0       0       0
      Totals:         0      12       0       0       0       0       0       0       0
Total ram usage:       12 bytes
 Hardware stack levels used:    1
 Hardware stack levels required when called:    2
 This function calls:
		Nothing
 This function is called by:
		_strtod
 This function uses a non-reentrant model


 *************** function ___flneg *****************
 Defined at:
		line 15 in file "/Applications/microchip/xc8/v1.45/sources/common/flneg.c"
 Parameters:    Size  Location     Type
  f1              4    0[BANK0 ] unsigned long 
 Auto vars:     Size  Location     Type
		None
 Return value:  Size  Location     Type
                  4    0[BANK0 ] unsigned long 
 Registers used:
		wreg, status,2, status,0
 Tracked objects:
		On entry : 
		On exit  : 
		Unchanged: 
 Data sizes:     COMRAM   BANK0   BANK1   BANK2   BANK3   BANK4   BANK5   BANK6   BANK7
      Params:         0       4       0       0       0       0       0       0       0
      Locals:         0       0       0       0       0       0       0       0       0
      Temps:          0       0       0       0       0       0       0       0       0
      Totals:         0       4       0       0       0       0       0       0       0
Total ram usage:        4 bytes
 Hardware stack levels used:    1
 Hardware stack levels required when called:    2
 This function calls:
		Nothing
 This function is called by:
		_main
		_strtod
 This function uses a non-reentrant model


 *************** function ___flmul *****************
 Defined at:
		line 8 in file "/Applications/microchip/xc8/v1.45/sources/common/sprcmul.c"
 Parameters:    Size  Location     Type
  b               4   24[BANK0 ] unsigned long 
  a               4   28[BANK0 ] unsigned long 
 Auto vars:     Size  Location     Type
  prod            4   43[BANK0 ] struct .
  grs             4   38[BANK0 ] unsigned long 
  temp            2   47[BANK0 ] struct .
  bexp            1   42[BANK0 ] unsigned char 
  aexp            1   37[BANK0 ] unsigned char 
  sign            1   36[BANK0 ] unsigned char 
 Return value:  Size  Location     Type
                  4   24[BANK0 ] unsigned char 
 Registers used:
		wreg, status,2, status,0, prodl, prodh
 Tracked objects:
		On entry : 
		On exit  : 
		Unchanged: 
 Data sizes:     COMRAM   BANK0   BANK1   BANK2   BANK3   BANK4   BANK5   BANK6   BANK7
      Params:         0       8       0       0       0       0       0       0       0
      Locals:         0      13       0       0       0       0       0       0       0
      Temps:          0       4       0       0       0       0       0       0       0
      Totals:         0      25       0       0       0       0       0       0       0
Total ram usage:       25 bytes
 Hardware stack levels used:    1
 Hardware stack levels required when called:    2
 This function calls:
		Nothing
 This function is called by:
		_main
		_strtod
 This function uses a non-reentrant model


 *************** function ___flge *****************
 Defined at:
		line 4 in file "/Applications/microchip/xc8/v1.45/sources/common/flge.c"
 Parameters:    Size  Location     Type
  ff1             4    0[BANK0 ] unsigned char 
  ff2             4    4[BANK0 ] unsigned char 
 Auto vars:     Size  Location     Type
		None
 Return value:  Size  Location     Type
		None               void
 Registers used:
		wreg, status,2, status,0
 Tracked objects:
		On entry : 
		On exit  : 
		Unchanged: 
 Data sizes:     COMRAM   BANK0   BANK1   BANK2   BANK3   BANK4   BANK5   BANK6   BANK7
      Params:         0       8       0       0       0       0       0       0       0
      Locals:         0       0       0       0       0       0       0       0       0
      Temps:          0       4       0       0       0       0       0       0       0
      Totals:         0      12       0       0       0       0       0       0       0
Total ram usage:       12 bytes
 Hardware stack levels used:    1
 Hardware stack levels required when called:    2
 This function calls:
		Nothing
 This function is called by:
		_strtod
 This function uses a non-reentrant model


 *************** function ___fldiv *****************
 Defined at:
		line 11 in file "/Applications/microchip/xc8/v1.45/sources/common/sprcdiv.c"
 Parameters:    Size  Location     Type
  b               4   49[BANK0 ] unsigned char 
  a               4   53[BANK0 ] unsigned char 
 Auto vars:     Size  Location     Type
  grs             4   68[BANK0 ] unsigned long 
  rem             4   62[BANK0 ] unsigned long 
  new_exp         2   66[BANK0 ] int 
  aexp            1   73[BANK0 ] unsigned char 
  bexp            1   72[BANK0 ] unsigned char 
  sign            1   61[BANK0 ] unsigned char 
 Return value:  Size  Location     Type
                  4   49[BANK0 ] unsigned char 
 Registers used:
		wreg, status,2, status,0
 Tracked objects:
		On entry : 
		On exit  : 
		Unchanged: 
 Data sizes:     COMRAM   BANK0   BANK1   BANK2   BANK3   BANK4   BANK5   BANK6   BANK7
      Params:         0       8       0       0       0       0       0       0       0
      Locals:         0      13       0       0       0       0       0       0       0
      Temps:          0       4       0       0       0       0       0       0       0
      Totals:         0      25       0       0       0       0       0       0       0
Total ram usage:       25 bytes
 Hardware stack levels used:    1
 Hardware stack levels required when called:    2
 This function calls:
		Nothing
 This function is called by:
		_main
		_strtod
 This function uses a non-reentrant model


 *************** function ___fltol *****************
 Defined at:
		line 43 in file "/Applications/microchip/xc8/v1.45/sources/common/fltol.c"
 Parameters:    Size  Location     Type
  f1              4   74[BANK0 ] unsigned char 
 Auto vars:     Size  Location     Type
  exp1            1   83[BANK0 ] unsigned char 
  sign1           1   82[BANK0 ] unsigned char 
 Return value:  Size  Location     Type
                  4   74[BANK0 ] long 
 Registers used:
		wreg, status,2, status,0
 Tracked objects:
		On entry : 
		On exit  : 
		Unchanged: 
 Data sizes:     COMRAM   BANK0   BANK1   BANK2   BANK3   BANK4   BANK5   BANK6   BANK7
      Params:         0       4       0       0       0       0       0       0       0
      Locals:         0       2       0       0       0       0       0       0       0
      Temps:          0       4       0       0       0       0       0       0       0
      Totals:         0      10       0       0       0       0       0       0       0
Total ram usage:       10 bytes
 Hardware stack levels used:    1
 Hardware stack levels required when called:    2
 This function calls:
		Nothing
 This function is called by:
		_main
 This function uses a non-reentrant model


 *************** function ___fladd *****************
 Defined at:
		line 10 in file "/Applications/microchip/xc8/v1.45/sources/common/sprcadd.c"
 Parameters:    Size  Location     Type
  b               4    4[BANK0 ] long 
  a               4    8[BANK0 ] long 
 Auto vars:     Size  Location     Type
  grs             1   23[BANK0 ] unsigned char 
  bexp            1   22[BANK0 ] unsigned char 
  aexp            1   21[BANK0 ] unsigned char 
  signs           1   20[BANK0 ] unsigned char 
 Return value:  Size  Location     Type
                  4    4[BANK0 ] unsigned char 
 Registers used:
		wreg, status,2, status,0
 Tracked objects:
		On entry : 
		On exit  : 
		Unchanged: 
 Data sizes:     COMRAM   BANK0   BANK1   BANK2   BANK3   BANK4   BANK5   BANK6   BANK7
      Params:         0       8       0       0       0       0       0       0       0
      Locals:         0       4       0       0       0       0       0       0       0
      Temps:          0       8       0       0       0       0       0       0       0
      Totals:         0      20       0       0       0       0       0       0       0
Total ram usage:       20 bytes
 Hardware stack levels used:    1
 Hardware stack levels required when called:    2
 This function calls:
		Nothing
 This function is called by:
		_main
 This function uses a non-reentrant model


 *************** function _InitApp *****************
 Defined at:
		line 27 in file "user.c"
 Parameters:    Size  Location     Type
		None
 Auto vars:     Size  Location     Type
		None
 Return value:  Size  Location     Type
                  1    wreg      void 
 Registers used:
		wreg, status,2
 Tracked objects:
		On entry : 
		On exit  : 
		Unchanged: 
 Data sizes:     COMRAM   BANK0   BANK1   BANK2   BANK3   BANK4   BANK5   BANK6   BANK7
      Params:         0       0       0       0       0       0       0       0       0
      Locals:         0       0       0       0       0       0       0       0       0
      Temps:          0       0       0       0       0       0       0       0       0
      Totals:         0       0       0       0       0       0       0       0       0
Total ram usage:        0 bytes
 Hardware stack levels used:    1
 Hardware stack levels required when called:    2
 This function calls:
		Nothing
 This function is called by:
		_main
 This function uses a non-reentrant model


 *************** function _ConfigureOscillator *****************
 Defined at:
		line 24 in file "system.c"
 Parameters:    Size  Location     Type
		None
 Auto vars:     Size  Location     Type
		None
 Return value:  Size  Location     Type
                  1    wreg      void 
 Registers used:
		wreg, status,2
 Tracked objects:
		On entry : 
		On exit  : 
		Unchanged: 
 Data sizes:     COMRAM   BANK0   BANK1   BANK2   BANK3   BANK4   BANK5   BANK6   BANK7
      Params:         0       0       0       0       0       0       0       0       0
      Locals:         0       0       0       0       0       0       0       0       0
      Temps:          0       0       0       0       0       0       0       0       0
      Totals:         0       0       0       0       0       0       0       0       0
Total ram usage:        0 bytes
 Hardware stack levels used:    1
 Hardware stack levels required when called:    2
 This function calls:
		Nothing
 This function is called by:
		_main
 This function uses a non-reentrant model


 *************** function _BT_load_string *****************
 Defined at:
		line 85 in file "user.c"
 Parameters:    Size  Location     Type
  string          2    1[BANK0 ] PTR unsigned char 
		 -> send(20), 
 Auto vars:     Size  Location     Type
		None
 Return value:  Size  Location     Type
                  1    wreg      void 
 Registers used:
		wreg, fsr2l, fsr2h, status,2, status,0, cstack
 Tracked objects:
		On entry : 
		On exit  : 
		Unchanged: 
 Data sizes:     COMRAM   BANK0   BANK1   BANK2   BANK3   BANK4   BANK5   BANK6   BANK7
      Params:         0       2       0       0       0       0       0       0       0
      Locals:         0       0       0       0       0       0       0       0       0
      Temps:          0       0       0       0       0       0       0       0       0
      Totals:         0       2       0       0       0       0       0       0       0
Total ram usage:        2 bytes
 Hardware stack levels used:    1
 Hardware stack levels required when called:    3
 This function calls:
		_BT_load_char
 This function is called by:
		_main
 This function uses a non-reentrant model


 *************** function _BT_load_char *****************
 Defined at:
		line 80 in file "user.c"
 Parameters:    Size  Location     Type
  byte            1    wreg     unsigned char 
 Auto vars:     Size  Location     Type
  byte            1    0[BANK0 ] unsigned char 
 Return value:  Size  Location     Type
                  1    wreg      void 
 Registers used:
		wreg
 Tracked objects:
		On entry : 
		On exit  : 
		Unchanged: 
 Data sizes:     COMRAM   BANK0   BANK1   BANK2   BANK3   BANK4   BANK5   BANK6   BANK7
      Params:         0       0       0       0       0       0       0       0       0
      Locals:         0       1       0       0       0       0       0       0       0
      Temps:          0       0       0       0       0       0       0       0       0
      Totals:         0       1       0       0       0       0       0       0       0
Total ram usage:        1 bytes
 Hardware stack levels used:    1
 Hardware stack levels required when called:    2
 This function calls:
		Nothing
 This function is called by:
		_BT_load_string
 This function uses a non-reentrant model


 *************** function _low_isr *****************
 Defined at:
		line 94 in file "interrupts.c"
 Parameters:    Size  Location     Type
		None
 Auto vars:     Size  Location     Type
		None
 Return value:  Size  Location     Type
                  1    wreg      void 
 Registers used:
		None
 Tracked objects:
		On entry : 
		On exit  : 
		Unchanged: 
 Data sizes:     COMRAM   BANK0   BANK1   BANK2   BANK3   BANK4   BANK5   BANK6   BANK7
      Params:         0       0       0       0       0       0       0       0       0
      Locals:         0       0       0       0       0       0       0       0       0
      Temps:         21       0       0       0       0       0       0       0       0
      Totals:        21       0       0       0       0       0       0       0       0
Total ram usage:       21 bytes
 Hardware stack levels used:    1
 Hardware stack levels required when called:    1
 This function calls:
		Nothing
 This function is called by:
		Interrupt level 1
 This function uses a non-reentrant model


 *************** function _high_isr *****************
 Defined at:
		line 34 in file "interrupts.c"
 Parameters:    Size  Location     Type
		None
 Auto vars:     Size  Location     Type
		None
 Return value:  Size  Location     Type
                  1    wreg      void 
 Registers used:
		wreg, fsr2l, fsr2h, status,2, status,0
 Tracked objects:
		On entry : 
		On exit  : 
		Unchanged: 
 Data sizes:     COMRAM   BANK0   BANK1   BANK2   BANK3   BANK4   BANK5   BANK6   BANK7
      Params:         0       0       0       0       0       0       0       0       0
      Locals:         0       0       0       0       0       0       0       0       0
      Temps:         19       0       0       0       0       0       0       0       0
      Totals:        19       0       0       0       0       0       0       0       0
Total ram usage:       19 bytes
 Hardware stack levels used:    1
 This function calls:
		Nothing
 This function is called by:
		Interrupt level 2
 This function uses a non-reentrant model



MODULE INFORMATION

Module		Function		Class		Link	Load	Size
/Applications/microchip/xc8/v1.45/sources/common/lwmod.c
		___lwmod       		CODE           	2C26	0000	123

/Applications/microchip/xc8/v1.45/sources/common/lwmod.c estimated size: 123

/Applications/microchip/xc8/v1.45/sources/common/doprnt.c
		_sprintf       		CODE           	21E0	0000	513

/Applications/microchip/xc8/v1.45/sources/common/doprnt.c estimated size: 513

interrupts.c
		_high_isr      		CODE           	0008	0000	351
		_low_isr       		CODE           	0018	0000	175

interrupts.c estimated size: 526

/Applications/microchip/xc8/v1.45/sources/common/sprcmul.c
		___flmul       		CODE           	1952	0000	1137

/Applications/microchip/xc8/v1.45/sources/common/sprcmul.c estimated size: 1137

/Applications/microchip/xc8/v1.45/sources/common/flge.c
		___flge        		CODE           	25CA	0000	363

/Applications/microchip/xc8/v1.45/sources/common/flge.c estimated size: 363

/Applications/microchip/xc8/v1.45/sources/common/sprcdiv.c
		___fldiv       		CODE           	1DC2	0000	1055

/Applications/microchip/xc8/v1.45/sources/common/sprcdiv.c estimated size: 1055

/Applications/microchip/xc8/v1.45/sources/common/atof.c
		_atof          		CODE           	2ED6	0000	45
		_strtod        		CODE           	0810	0000	1647

/Applications/microchip/xc8/v1.45/sources/common/atof.c estimated size: 1692

/Applications/microchip/xc8/v1.45/sources/common/isspace.c
		_isspace       		CODE           	2D14	0000	85

/Applications/microchip/xc8/v1.45/sources/common/isspace.c estimated size: 85

/Applications/microchip/xc8/v1.45/sources/common/lwdiv.c
		___lwdiv       		CODE           	2B1C	0000	139

/Applications/microchip/xc8/v1.45/sources/common/lwdiv.c estimated size: 139

/Applications/microchip/xc8/v1.45/sources/common/fltol.c
		___fltol       		CODE           	288C	0000	341

/Applications/microchip/xc8/v1.45/sources/common/fltol.c estimated size: 341

/Applications/microchip/xc8/v1.45/sources/common/Umul16.c
		___wmul        		CODE           	2EAA	0000	45

/Applications/microchip/xc8/v1.45/sources/common/Umul16.c estimated size: 45

/Applications/microchip/xc8/v1.45/sources/common/isdigit.c
		_isdigit       		CODE           	2DFC	0000	63

/Applications/microchip/xc8/v1.45/sources/common/isdigit.c estimated size: 63

shared
		_dpowers       		SMALLCONST     	0801	0000	11
		__initialization		CODE           	2D68	0000	69

shared estimated size: 80

/Applications/microchip/xc8/v1.45/sources/common/sprcadd.c
		___fladd       		CODE           	0E7E	0000	1417

/Applications/microchip/xc8/v1.45/sources/common/sprcadd.c estimated size: 1417

/Applications/microchip/xc8/v1.45/sources/common/atoi.c
		_atoi          		CODE           	29E0	0000	317

/Applications/microchip/xc8/v1.45/sources/common/atoi.c estimated size: 317

/Applications/microchip/xc8/v1.45/sources/common/flneg.c
		___flneg       		CODE           	2DBA	0000	67

/Applications/microchip/xc8/v1.45/sources/common/flneg.c estimated size: 67

user.c
		_BT_load_char  		CODE           	2E74	0000	55
		_InitApp       		CODE           	2BA6	0000	129
		_BT_load_string		CODE           	2E3A	0000	59

user.c estimated size: 243

/Applications/microchip/xc8/v1.45/sources/common/Umul32.c
		___lmul        		CODE           	2CA0	0000	117

/Applications/microchip/xc8/v1.45/sources/common/Umul32.c estimated size: 117

main.c
		_main          		CODE           	1406	0000	1357

main.c estimated size: 1357

/Applications/microchip/xc8/v1.45/sources/common/xxtofl.c
		___xxtofl      		CODE           	23E0	0000	491

/Applications/microchip/xc8/v1.45/sources/common/xxtofl.c estimated size: 491

system.c
		_ConfigureOscillator		CODE           	2F02	0000	19

system.c estimated size: 19

